// Jest Snapshot v1, https://goo.gl/fbAQLP

exports[`Renders Button correctly 1`] = `
<button
  className="Button"
>
  <span
    className="textSpan"
  >
    Click me
  </span>
</button>
`;
